2026-01-08 18:53:29.249 [LogV2] pid=9864 opened file=X:\OneBot\logs\onebot-2026-01-08.log
2026-01-08 18:53:29.249 [LogV2] ready fileEnabled=1 dir=X:\OneBot\logs mode=daily pid=9864
2026-01-08 18:53:29.250 [LOG] [kernel] module.init_failed id=Log file=Modules/Core/LogHub.js
2026-01-08 18:53:29.259 [LOG] [JsonStoreV1] ready service=jsonstore dir=X:\OneData\bots\ONEBOT\data\JsonStore defaultNs=core
2026-01-08 18:53:29.261 [LOG] [kernel] module.loaded id=JsonStore file=Modules/Core/JsonStoreHub.js prio=9850
2026-01-08 18:53:29.335 [LOG] [[TimeZoneV1] ready timeZone=Asia/Kuala_Lumpur locale=en-MY hour12=0 sample=08/01/2026, 18:53:29] undefined
2026-01-08 18:53:29.338 [LOG] [kernel] module.loaded id=TimeZone file=Modules/Core/TimeZoneHub.js prio=9800
2026-01-08 18:53:29.357 [LOG] [SendQueue] ready service=send delayMs=800 maxQueue=2000 batchMax=30 dedupeMs=6000
2026-01-08 18:53:29.366 [LOG] [kernel] module.loaded id=SendQueue file=Modules/Core/SendQueueHub.js prio=9700
2026-01-08 18:53:29.383 [LOG] [InboundFilterV1] ready enabled=1 dropStatusBroadcast=1 dropEmptySystem=1 dropFromMe=0
2026-01-08 18:53:29.385 [LOG] [kernel] module.loaded id=InboundFilter file=Modules/Core/InboundFilterHub.js prio=9685
2026-01-08 18:53:29.389 [LOG] [InboundDedupeV1] info
2026-01-08 18:53:29.390 [LOG] [kernel] module.loaded id=InboundDedupe file=Modules/Core/InboundDedupeHub.js prio=9680
2026-01-08 18:53:29.414 [LOG] [MessageJournalV1] ready dir=X:\OneData\bots\ONEBOT\data\MessageJournal tz=Asia/Kuala_Lumpur includeMessages=1 includeEvents=1
2026-01-08 18:53:29.416 [LOG] [kernel] module.loaded id=MessageJournal file=Modules/Core/MessageJournalHub.js prio=9650
2026-01-08 18:53:29.435 [LOG] [kernel] module.loaded id=Command file=Modules/Core/CommandHub.js prio=9600
2026-01-08 18:53:29.456 [LOG] [[AccessRolesV1] ready controlGroupId=120363402608825006@g.us rolesFile=X:\OneData\bots\ONEBOT\data\SystemControl\roles.json controllers=1] undefined
2026-01-08 18:53:29.463 [LOG] [kernel] module.loaded id=AccessRoles file=Modules/Core/AccessRolesHub.js prio=9500
2026-01-08 18:53:29.496 [LOG] [HelpV1] ready cmdHelp=help
2026-01-08 18:53:29.504 [LOG] [kernel] module.loaded id=Help file=Modules/Core/HelpHub.js prio=9400
2026-01-08 18:53:29.514 [LOG] [PingDiagV1] ready cmdPing=ping
2026-01-08 18:53:29.540 [LOG] [kernel] module.loaded id=PingDiag file=Modules/Core/PingDiagHub.js prio=9300
2026-01-08 18:53:29.550 [LOG] [SchedulerV1] ready tickMs=1000 maxJobs=5000 dueBatchMax=25 data=X:\OneData\bots\ONEBOT\data\Scheduler\jobs.json
2026-01-08 18:53:29.553 [LOG] [kernel] module.loaded id=Scheduler file=Modules/Core/SchedulerHub.js prio=9250
2026-01-08 18:53:29.587 [LOG] [RateLimitV1] ready enabled=1 windows=2 state=X:\OneData\bots\ONEBOT\data\RateLimit\state.json
2026-01-08 18:53:29.592 [LOG] [kernel] module.loaded id=RateLimit file=Modules/Core/RateLimitHub.js prio=9240
2026-01-08 18:53:29.611 [LOG] [OutboundGatewayV1] ready enabled=1 baseSend=transport rl=ratelimit svc=sendout,outsend bypassChatIds=1
2026-01-08 18:53:29.615 [LOG] [kernel] module.loaded id=OutboundGateway file=Modules/Core/OutboundGatewayHub.js prio=9235
2026-01-08 18:53:29.660 [LOG] [OutboxV1] ready enabled=1 service=outbox store=jsonstore:Outbox/state.json tickMs=2000 batchMax=5 sendPrefer=sendout,outsend,send
2026-01-08 18:53:29.662 [LOG] [kernel] module.loaded id=Outbox file=Modules/Core/OutboxHub.js prio=9220
2026-01-08 18:53:29.674 [LOG] [StatusFeedV1] ready feedTag=feed dedupeSec=30 ignoreEmpty=1
2026-01-08 18:53:29.676 [LOG] [kernel] module.loaded id=StatusFeed file=Modules/Core/StatusFeedHub.js prio=9200
2026-01-08 18:53:29.683 [LOG] [WorkGroupsCV] ready
2026-01-08 18:53:29.697 [LOG] [kernel] module.loaded id=WorkGroups file=Modules/Core/WorkGroupsHub.js prio=9190
2026-01-08 18:53:29.704 [LOG] [FallbackHub] disabled: impl.init() not found, file=X:\OneBot\Modules\Core\Fallback\FallbackCV.js
2026-01-08 18:53:29.706 [LOG] [kernel] module.loaded id=Fallback file=Modules/Core/FallbackHub.js prio=9180
2026-01-08 18:53:29.719 [LOG] [SystemControlV2] ready controlGroupId=120363402608825006@g.us cmdRestart=restart cmdStatus=status
2026-01-08 18:53:29.725 [LOG] [kernel] module.loaded id=SystemControl file=Modules/Core/SystemControlHub.js prio=9100
2026-01-08 18:53:29.753 [LOG] [BootAnnounceV1] ready controlGroupId=120363402608825006@g.us delayMs=2000 sendPrefer=outsend,sendout,send
2026-01-08 18:53:29.757 [LOG] [kernel] module.loaded id=BootAnnounce file=Modules/Core/BootAnnounceHub.js prio=9050
2026-01-08 18:53:29.761 [LOG] [kernel] ready modules=20
2026-01-08 18:53:44.818 [LOG] [connector] authenticated
2026-01-08 18:53:47.627 [LOG] [connector] ready
2026-01-08 18:53:47.659 [LOG] [connector] browser minimized via CDP
